2025-07-19T12:18:44.4801183Z Current runner version: '2.326.0'
2025-07-19T12:18:44.4823343Z ##[group]Runner Image Provisioner
2025-07-19T12:18:44.4824481Z Hosted Compute Agent
2025-07-19T12:18:44.4825051Z Version: 20250711.363
2025-07-19T12:18:44.4825592Z Commit: 6785254374ce925a23743850c1cb91912ce5c14c
2025-07-19T12:18:44.4826391Z Build Date: 2025-07-11T20:04:25Z
2025-07-19T12:18:44.4826998Z ##[endgroup]
2025-07-19T12:18:44.4827542Z ##[group]Operating System
2025-07-19T12:18:44.4828152Z Ubuntu
2025-07-19T12:18:44.4828637Z 24.04.2
2025-07-19T12:18:44.4829074Z LTS
2025-07-19T12:18:44.4829593Z ##[endgroup]
2025-07-19T12:18:44.4830060Z ##[group]Runner Image
2025-07-19T12:18:44.4830635Z Image: ubuntu-24.04
2025-07-19T12:18:44.4831213Z Version: 20250710.1.0
2025-07-19T12:18:44.4832221Z Included Software: https://github.com/actions/runner-images/blob/ubuntu24/20250710.1/images/ubuntu/Ubuntu2404-Readme.md
2025-07-19T12:18:44.4833876Z Image Release: https://github.com/actions/runner-images/releases/tag/ubuntu24%2F20250710.1
2025-07-19T12:18:44.4835047Z ##[endgroup]
2025-07-19T12:18:44.4836202Z ##[group]GITHUB_TOKEN Permissions
2025-07-19T12:18:44.4837994Z Contents: read
2025-07-19T12:18:44.4838515Z Metadata: read
2025-07-19T12:18:44.4839123Z Packages: read
2025-07-19T12:18:44.4839622Z ##[endgroup]
2025-07-19T12:18:44.4841590Z Secret source: Actions
2025-07-19T12:18:44.4842241Z Prepare workflow directory
2025-07-19T12:18:44.5161590Z Prepare all required actions
2025-07-19T12:18:44.5198626Z Getting action download info
2025-07-19T12:18:44.9926241Z ##[group]Download immutable action package 'actions/checkout@v4'
2025-07-19T12:18:44.9927282Z Version: 4.2.2
2025-07-19T12:18:44.9928307Z Digest: sha256:ccb2698953eaebd21c7bf6268a94f9c26518a7e38e27e0b83c1fe1ad049819b1
2025-07-19T12:18:44.9929471Z Source commit SHA: 11bd71901bbe5b1630ceea73d27597364c9af683
2025-07-19T12:18:44.9930270Z ##[endgroup]
2025-07-19T12:18:45.0895214Z ##[group]Download immutable action package 'actions/setup-dotnet@v4'
2025-07-19T12:18:45.0896087Z Version: 4.3.1
2025-07-19T12:18:45.0896858Z Digest: sha256:c7f3f729e5ef5b59af173c4efb4b30240ef30b219a7c12a6fae9f099415f688c
2025-07-19T12:18:45.0897809Z Source commit SHA: 67a3573c9a986a3f9c594539f4ab511d57bb3ce9
2025-07-19T12:18:45.0898557Z ##[endgroup]
2025-07-19T12:18:45.3943289Z ##[group]Download immutable action package 'actions/setup-python@v5'
2025-07-19T12:18:45.3944308Z Version: 5.6.0
2025-07-19T12:18:45.3945088Z Digest: sha256:0b35a0c11c97499e4e0576589036d450b9f5f9da74b7774225b3614b57324404
2025-07-19T12:18:45.3946183Z Source commit SHA: a26af69be951a213d495a4c3e4e4022e16d87065
2025-07-19T12:18:45.3946847Z ##[endgroup]
2025-07-19T12:18:45.7553504Z Complete job name: build-and-test
2025-07-19T12:18:45.8262618Z ##[group]Run actions/checkout@v4
2025-07-19T12:18:45.8263519Z with:
2025-07-19T12:18:45.8264142Z   repository: arepetti/Tinkwell
2025-07-19T12:18:45.8264846Z   token: ***
2025-07-19T12:18:45.8265284Z   ssh-strict: true
2025-07-19T12:18:45.8265723Z   ssh-user: git
2025-07-19T12:18:45.8266194Z   persist-credentials: true
2025-07-19T12:18:45.8266712Z   clean: true
2025-07-19T12:18:45.8267152Z   sparse-checkout-cone-mode: true
2025-07-19T12:18:45.8267697Z   fetch-depth: 1
2025-07-19T12:18:45.8268128Z   fetch-tags: false
2025-07-19T12:18:45.8268568Z   show-progress: true
2025-07-19T12:18:45.8269016Z   lfs: false
2025-07-19T12:18:45.8269436Z   submodules: false
2025-07-19T12:18:45.8269889Z   set-safe-directory: true
2025-07-19T12:18:45.8270631Z ##[endgroup]
2025-07-19T12:18:45.9323390Z Syncing repository: arepetti/Tinkwell
2025-07-19T12:18:45.9325679Z ##[group]Getting Git version info
2025-07-19T12:18:45.9326446Z Working directory is '/home/runner/work/Tinkwell/Tinkwell'
2025-07-19T12:18:45.9327554Z [command]/usr/bin/git version
2025-07-19T12:18:45.9390646Z git version 2.50.1
2025-07-19T12:18:45.9416384Z ##[endgroup]
2025-07-19T12:18:45.9429841Z Temporarily overriding HOME='/home/runner/work/_temp/660223a8-f1d5-41c9-b966-80f44dcf9c44' before making global git config changes
2025-07-19T12:18:45.9431337Z Adding repository directory to the temporary git global config as a safe directory
2025-07-19T12:18:45.9435048Z [command]/usr/bin/git config --global --add safe.directory /home/runner/work/Tinkwell/Tinkwell
2025-07-19T12:18:45.9467998Z Deleting the contents of '/home/runner/work/Tinkwell/Tinkwell'
2025-07-19T12:18:45.9471583Z ##[group]Initializing the repository
2025-07-19T12:18:45.9475074Z [command]/usr/bin/git init /home/runner/work/Tinkwell/Tinkwell
2025-07-19T12:18:45.9570999Z hint: Using 'master' as the name for the initial branch. This default branch name
2025-07-19T12:18:45.9573036Z hint: is subject to change. To configure the initial branch name to use in all
2025-07-19T12:18:45.9574618Z hint: of your new repositories, which will suppress this warning, call:
2025-07-19T12:18:45.9576079Z hint:
2025-07-19T12:18:45.9577132Z hint: 	git config --global init.defaultBranch <name>
2025-07-19T12:18:45.9578406Z hint:
2025-07-19T12:18:45.9579624Z hint: Names commonly chosen instead of 'master' are 'main', 'trunk' and
2025-07-19T12:18:45.9581521Z hint: 'development'. The just-created branch can be renamed via this command:
2025-07-19T12:18:45.9582995Z hint:
2025-07-19T12:18:45.9583834Z hint: 	git branch -m <name>
2025-07-19T12:18:45.9585046Z hint:
2025-07-19T12:18:45.9586335Z hint: Disable this message with "git config set advice.defaultBranchName false"
2025-07-19T12:18:45.9588480Z Initialized empty Git repository in /home/runner/work/Tinkwell/Tinkwell/.git/
2025-07-19T12:18:45.9591485Z [command]/usr/bin/git remote add origin https://github.com/arepetti/Tinkwell
2025-07-19T12:18:45.9621832Z ##[endgroup]
2025-07-19T12:18:45.9623394Z ##[group]Disabling automatic garbage collection
2025-07-19T12:18:45.9626399Z [command]/usr/bin/git config --local gc.auto 0
2025-07-19T12:18:45.9655657Z ##[endgroup]
2025-07-19T12:18:45.9657231Z ##[group]Setting up auth
2025-07-19T12:18:45.9662978Z [command]/usr/bin/git config --local --name-only --get-regexp core\.sshCommand
2025-07-19T12:18:45.9692603Z [command]/usr/bin/git submodule foreach --recursive sh -c "git config --local --name-only --get-regexp 'core\.sshCommand' && git config --local --unset-all 'core.sshCommand' || :"
2025-07-19T12:18:45.9998936Z [command]/usr/bin/git config --local --name-only --get-regexp http\.https\:\/\/github\.com\/\.extraheader
2025-07-19T12:18:46.0026832Z [command]/usr/bin/git submodule foreach --recursive sh -c "git config --local --name-only --get-regexp 'http\.https\:\/\/github\.com\/\.extraheader' && git config --local --unset-all 'http.https://github.com/.extraheader' || :"
2025-07-19T12:18:46.0244764Z [command]/usr/bin/git config --local http.https://github.com/.extraheader AUTHORIZATION: basic ***
2025-07-19T12:18:46.0280685Z ##[endgroup]
2025-07-19T12:18:46.0281669Z ##[group]Fetching the repository
2025-07-19T12:18:46.0290225Z [command]/usr/bin/git -c protocol.version=2 fetch --no-tags --prune --no-recurse-submodules --depth=1 origin +1c67b3dc639151339a0d590bee3728b561ea068c:refs/remotes/pull/33/merge
2025-07-19T12:18:46.5067817Z From https://github.com/arepetti/Tinkwell
2025-07-19T12:18:46.5069046Z  * [new ref]         1c67b3dc639151339a0d590bee3728b561ea068c -> pull/33/merge
2025-07-19T12:18:46.5142454Z ##[endgroup]
2025-07-19T12:18:46.5143186Z ##[group]Determining the checkout info
2025-07-19T12:18:46.5144664Z ##[endgroup]
2025-07-19T12:18:46.5149466Z [command]/usr/bin/git sparse-checkout disable
2025-07-19T12:18:46.5191360Z [command]/usr/bin/git config --local --unset-all extensions.worktreeConfig
2025-07-19T12:18:46.5218096Z ##[group]Checking out the ref
2025-07-19T12:18:46.5222863Z [command]/usr/bin/git checkout --progress --force refs/remotes/pull/33/merge
2025-07-19T12:18:46.5486441Z Note: switching to 'refs/remotes/pull/33/merge'.
2025-07-19T12:18:46.5487594Z 
2025-07-19T12:18:46.5488409Z You are in 'detached HEAD' state. You can look around, make experimental
2025-07-19T12:18:46.5490834Z changes and commit them, and you can discard any commits you make in this
2025-07-19T12:18:46.5492425Z state without impacting any branches by switching back to a branch.
2025-07-19T12:18:46.5493759Z 
2025-07-19T12:18:46.5494916Z If you want to create a new branch to retain commits you create, you may
2025-07-19T12:18:46.5496248Z do so (now or later) by using -c with the switch command. Example:
2025-07-19T12:18:46.5497018Z 
2025-07-19T12:18:46.5497340Z   git switch -c <new-branch-name>
2025-07-19T12:18:46.5497928Z 
2025-07-19T12:18:46.5498240Z Or undo this operation with:
2025-07-19T12:18:46.5498736Z 
2025-07-19T12:18:46.5499016Z   git switch -
2025-07-19T12:18:46.5499403Z 
2025-07-19T12:18:46.5500048Z Turn off this advice by setting config variable advice.detachedHead to false
2025-07-19T12:18:46.5501001Z 
2025-07-19T12:18:46.5502116Z HEAD is now at 1c67b3d Merge f330829227c2cd066abfa983a1c1c6b269cd188d into b9dff428783bed6dcca472109f1ee0791a2b94d2
2025-07-19T12:18:46.5505548Z ##[endgroup]
2025-07-19T12:18:46.5531399Z [command]/usr/bin/git log -1 --format=%H
2025-07-19T12:18:46.5553690Z 1c67b3dc639151339a0d590bee3728b561ea068c
2025-07-19T12:18:46.5800040Z ##[group]Run actions/setup-dotnet@v4
2025-07-19T12:18:46.5800627Z with:
2025-07-19T12:18:46.5800965Z   dotnet-version: 9.0.x
2025-07-19T12:18:46.5801369Z   cache: false
2025-07-19T12:18:46.5801717Z ##[endgroup]
2025-07-19T12:18:46.7560534Z [command]/home/runner/work/_actions/actions/setup-dotnet/v4/externals/install-dotnet.sh --skip-non-versioned-files --runtime dotnet --channel LTS
2025-07-19T12:18:46.9785002Z dotnet-install: Attempting to download using aka.ms link https://builds.dotnet.microsoft.com/dotnet/Runtime/8.0.18/dotnet-runtime-8.0.18-linux-x64.tar.gz
2025-07-19T12:18:47.1943572Z dotnet-install: Remote file https://builds.dotnet.microsoft.com/dotnet/Runtime/8.0.18/dotnet-runtime-8.0.18-linux-x64.tar.gz size is 31286275 bytes.
2025-07-19T12:18:47.1947867Z dotnet-install: Extracting archive from https://builds.dotnet.microsoft.com/dotnet/Runtime/8.0.18/dotnet-runtime-8.0.18-linux-x64.tar.gz
2025-07-19T12:18:47.8189475Z dotnet-install: Downloaded file size is 31286275 bytes.
2025-07-19T12:18:47.8192513Z dotnet-install: The remote and local file sizes are equal.
2025-07-19T12:18:47.8477715Z dotnet-install: Installed version is 8.0.18
2025-07-19T12:18:47.8540891Z dotnet-install: Adding to current process PATH: `/usr/share/dotnet`. Note: This change will be visible only when sourcing script.
2025-07-19T12:18:47.8545171Z dotnet-install: Note that the script does not resolve dependencies during installation.
2025-07-19T12:18:47.8548962Z dotnet-install: To check the list of dependencies, go to https://learn.microsoft.com/dotnet/core/install, select your operating system and check the "Dependencies" section.
2025-07-19T12:18:47.8552275Z dotnet-install: Installation finished successfully.
2025-07-19T12:18:47.8586357Z [command]/home/runner/work/_actions/actions/setup-dotnet/v4/externals/install-dotnet.sh --skip-non-versioned-files --channel 9.0
2025-07-19T12:18:48.0836338Z dotnet-install: Attempting to download using aka.ms link https://builds.dotnet.microsoft.com/dotnet/Sdk/9.0.303/dotnet-sdk-9.0.303-linux-x64.tar.gz
2025-07-19T12:18:49.2160695Z dotnet-install: Remote file https://builds.dotnet.microsoft.com/dotnet/Sdk/9.0.303/dotnet-sdk-9.0.303-linux-x64.tar.gz size is 218004272 bytes.
2025-07-19T12:18:49.2164567Z dotnet-install: Extracting archive from https://builds.dotnet.microsoft.com/dotnet/Sdk/9.0.303/dotnet-sdk-9.0.303-linux-x64.tar.gz
2025-07-19T12:18:53.7399681Z dotnet-install: Downloaded file size is 218004272 bytes.
2025-07-19T12:18:53.7401782Z dotnet-install: The remote and local file sizes are equal.
2025-07-19T12:18:54.0072471Z dotnet-install: Installed version is 9.0.303
2025-07-19T12:18:54.0129734Z dotnet-install: Adding to current process PATH: `/usr/share/dotnet`. Note: This change will be visible only when sourcing script.
2025-07-19T12:18:54.0131263Z dotnet-install: Note that the script does not resolve dependencies during installation.
2025-07-19T12:18:54.0132964Z dotnet-install: To check the list of dependencies, go to https://learn.microsoft.com/dotnet/core/install, select your operating system and check the "Dependencies" section.
2025-07-19T12:18:54.0135170Z dotnet-install: Installation finished successfully.
2025-07-19T12:18:54.0350400Z ##[group]Run dotnet restore Tinkwell.sln
2025-07-19T12:18:54.0350764Z [36;1mdotnet restore Tinkwell.sln[0m
2025-07-19T12:18:54.0384982Z shell: /usr/bin/bash -e {0}
2025-07-19T12:18:54.0385229Z env:
2025-07-19T12:18:54.0385470Z   DOTNET_ROOT: /usr/share/dotnet
2025-07-19T12:18:54.0385716Z ##[endgroup]
2025-07-19T12:18:55.7430365Z   Determining projects to restore...
2025-07-19T12:18:59.2436192Z   Restored /home/runner/work/Tinkwell/Tinkwell/Tinkwell.EventsGateway/Tinkwell.EventsGateway.csproj (in 2.68 sec).
2025-07-19T12:18:59.2437644Z   Restored /home/runner/work/Tinkwell/Tinkwell/Tinkwell.Bootstrapper/Tinkwell.Bootstrapper.csproj (in 2.68 sec).
2025-07-19T12:18:59.2759995Z   Restored /home/runner/work/Tinkwell/Tinkwell/Tinkwell.Cli/Tinkwell.Cli.csproj (in 2.73 sec).
2025-07-19T12:18:59.2835745Z   Restored /home/runner/work/Tinkwell/Tinkwell/Tinkwell.Cli.Windows/Tinkwell.Cli.Windows.csproj (in 23 ms).
2025-07-19T12:18:59.2866850Z   Restored /home/runner/work/Tinkwell/Tinkwell/Tinkwell.Cli.Commands.Templates/Tinkwell.Cli.Commands.Templates.csproj (in 25 ms).
2025-07-19T12:18:59.2975910Z   Restored /home/runner/work/Tinkwell/Tinkwell/Tinkwell.Bridge.MqttClient/Tinkwell.Bridge.MqttClient.csproj (in 8 ms).
2025-07-19T12:18:59.4143260Z   Restored /home/runner/work/Tinkwell/Tinkwell/Tinkwell.HealthCheck/Tinkwell.HealthCheck.csproj (in 2.87 sec).
2025-07-19T12:18:59.4246375Z   Restored /home/runner/work/Tinkwell/Tinkwell/Tinkwell.Bridge.MqttServer/Tinkwell.Bridge.MqttServer.csproj (in 144 ms).
2025-07-19T12:19:00.9326364Z   Restored /home/runner/work/Tinkwell/Tinkwell/Tests/Tinkwell.Measures.Tests/Tinkwell.Measures.Tests.csproj (in 1.64 sec).
2025-07-19T12:19:00.9885914Z   Restored /home/runner/work/Tinkwell/Tinkwell/Tests/Tinkwell.Bootstrapper.Tests/Tinkwell.Bootstrapper.Tests.csproj (in 1.56 sec).
2025-07-19T12:19:00.9901532Z   Restored /home/runner/work/Tinkwell/Tinkwell/Tests/Tinkwell.Bootstrapper.Ensamble.Parser.Tests/Tinkwell.Bootstrapper.Ensamble.Parser.Tests.csproj (in 50 ms).
2025-07-19T12:19:00.9913668Z   Restored /home/runner/work/Tinkwell/Tinkwell/Tests/Tinkwell.Measures.Configuration.Parser.Tests/Tinkwell.Measures.Configuration.Parser.Tests.csproj (in 1.69 sec).
2025-07-19T12:19:00.9966031Z   Restored /home/runner/work/Tinkwell/Tinkwell/Tests/Tinkwell.Bridge.MqttClient.Tests/Tinkwell.Bridge.MqttClient.Tests.csproj (in 1.57 sec).
2025-07-19T12:19:00.9975503Z   Restored /home/runner/work/Tinkwell/Tinkwell/Assets/Assets.csproj (in 1 ms).
2025-07-19T12:19:01.0055775Z   Restored /home/runner/work/Tinkwell/Tinkwell/Tests/Tinkwell.Actions.Configuration.Parser.Tests/Tinkwell.Actions.Configuration.Parser.Tests.csproj (in 8 ms).
2025-07-19T12:19:01.0082957Z   Restored /home/runner/work/Tinkwell/Tinkwell/Tinkwell.Watchdog/Tinkwell.Watchdog.csproj (in 8 ms).
2025-07-19T12:19:01.0153425Z   Restored /home/runner/work/Tinkwell/Tinkwell/Tests/Tinkwell.Actions.Executor.Tests/Tinkwell.Actions.Executor.Tests.csproj (in 19 ms).
2025-07-19T12:19:01.0175823Z   Restored /home/runner/work/Tinkwell/Tinkwell/Tinkwell.Store/Tinkwell.Store.csproj (in 6 ms).
2025-07-19T12:19:01.0240985Z   Restored /home/runner/work/Tinkwell/Tinkwell/Tinkwell.Services.Proto/Tinkwell.Services.Proto.csproj (in 5 ms).
2025-07-19T12:19:01.0296223Z   Restored /home/runner/work/Tinkwell/Tinkwell/Tinkwell.Reducer/Tinkwell.Reducer.csproj (in 6 ms).
2025-07-19T12:19:01.0369121Z   Restored /home/runner/work/Tinkwell/Tinkwell/Tinkwell.Reactor/Tinkwell.Reactor.csproj (in 7 ms).
2025-07-19T12:19:01.0388089Z   Restored /home/runner/work/Tinkwell/Tinkwell/Tinkwell.Orchestrator/Tinkwell.Orchestrator.csproj (in 4 ms).
2025-07-19T12:19:01.0398703Z   Restored /home/runner/work/Tinkwell/Tinkwell/Tinkwell.Measures/Tinkwell.Measures.csproj (in 1 ms).
2025-07-19T12:19:01.0451060Z   Restored /home/runner/work/Tinkwell/Tinkwell/Tinkwell.Measures.Configuration.Parser/Tinkwell.Measures.Configuration.Parser.csproj (in 3 ms).
2025-07-19T12:19:01.0526486Z   Restored /home/runner/work/Tinkwell/Tinkwell/Tinkwell.Bootstrapper.Ensamble.Parser/Tinkwell.Bootstrapper.Ensamble.Parser.csproj (in 4 ms).
2025-07-19T12:19:01.6516661Z   Restored /home/runner/work/Tinkwell/Tinkwell/Tinkwell.Bootstrapper.DllHost/Tinkwell.Bootstrapper.DllHost.csproj (in 549 ms).
2025-07-19T12:19:01.6544647Z   Restored /home/runner/work/Tinkwell/Tinkwell/Tinkwell.Supervisor/Tinkwell.Supervisor.csproj (in 625 ms).
2025-07-19T12:19:01.6846018Z   Restored /home/runner/work/Tinkwell/Tinkwell/Tinkwell.Actions.Configuration.Parser/Tinkwell.Actions.Configuration.Parser.csproj (in 6 ms).
2025-07-19T12:19:01.7006964Z   Restored /home/runner/work/Tinkwell/Tinkwell/Tinkwell.Actions.Executor/Tinkwell.Actions.Executor.csproj (in 26 ms).
2025-07-19T12:19:01.7073287Z   Restored /home/runner/work/Tinkwell/Tinkwell/Tests/Tinkwell.TestHelpers/Tinkwell.TestHelpers.csproj (in 18 ms).
2025-07-19T12:19:01.7245907Z   Restored /home/runner/work/Tinkwell/Tinkwell/Tests/Tinkwell.Reducer.Tests/Tinkwell.Reducer.Tests.csproj (in 17 ms).
2025-07-19T12:19:01.7306151Z   Restored /home/runner/work/Tinkwell/Tinkwell/Tests/Tinkwell.Reactor.Tests/Tinkwell.Reactor.Tests.csproj (in 15 ms).
2025-07-19T12:19:02.0617114Z   Restored /home/runner/work/Tinkwell/Tinkwell/Tinkwell.Bootstrapper.GrpcHost/Tinkwell.Bootstrapper.GrpcHost.csproj (in 1.02 sec).
2025-07-19T12:19:02.1293551Z   Restored /home/runner/work/Tinkwell/Tinkwell/Tinkwell.Store.Storage.Sqlite/Tinkwell.Store.Storage.Sqlite.csproj (in 1.12 sec).
2025-07-19T12:19:02.1864460Z ##[group]Run dotnet build Tinkwell.sln --configuration Release --no-restore
2025-07-19T12:19:02.1865030Z [36;1mdotnet build Tinkwell.sln --configuration Release --no-restore[0m
2025-07-19T12:19:02.1892439Z shell: /usr/bin/bash -e {0}
2025-07-19T12:19:02.1892656Z env:
2025-07-19T12:19:02.1892822Z   DOTNET_ROOT: /usr/share/dotnet
2025-07-19T12:19:02.1893033Z ##[endgroup]
2025-07-19T12:19:05.8636251Z CSC : warning CS2008: No source files specified. [/home/runner/work/Tinkwell/Tinkwell/Assets/Assets.csproj]
2025-07-19T12:19:05.8955298Z   Assets -> /home/runner/work/Tinkwell/Tinkwell/build/Assets.dll
2025-07-19T12:19:07.0371984Z   Tinkwell.Measures -> /home/runner/work/Tinkwell/Tinkwell/Tinkwell.Measures/bin/Release/net9.0/Tinkwell.Measures.dll
2025-07-19T12:19:07.0479123Z   Tinkwell.Bootstrapper -> /home/runner/work/Tinkwell/Tinkwell/build/Tinkwell.Bootstrapper.dll
2025-07-19T12:19:08.2354443Z   Tinkwell.Bootstrapper.Ensamble.Parser -> /home/runner/work/Tinkwell/Tinkwell/build/Tinkwell.Bootstrapper.Ensamble.Parser.dll
2025-07-19T12:19:08.6668936Z   Tinkwell.Bridge.MqttServer -> /home/runner/work/Tinkwell/Tinkwell/build/Tinkwell.Bridge.MqttServer.dll
2025-07-19T12:19:08.7047848Z   Tinkwell.Actions.Configuration.Parser -> /home/runner/work/Tinkwell/Tinkwell/Tinkwell.Actions.Configuration.Parser/bin/Release/net9.0/Tinkwell.Actions.Configuration.Parser.dll
2025-07-19T12:19:08.7427027Z   Tinkwell.Bootstrapper.Tests -> /home/runner/work/Tinkwell/Tinkwell/Tests/Tinkwell.Bootstrapper.Tests/bin/Release/net9.0/Tinkwell.Bootstrapper.Tests.dll
2025-07-19T12:19:09.1568321Z   Tinkwell.Bootstrapper.DllHost -> /home/runner/work/Tinkwell/Tinkwell/build/Tinkwell.Bootstrapper.DllHost.dll
2025-07-19T12:19:09.5237872Z   Tinkwell.Actions.Configuration.Parser.Tests -> /home/runner/work/Tinkwell/Tinkwell/Tests/Tinkwell.Actions.Configuration.Parser.Tests/bin/Release/net9.0/Tinkwell.Actions.Configuration.Parser.Tests.dll
2025-07-19T12:19:09.5687777Z   Tinkwell.Measures.Tests -> /home/runner/work/Tinkwell/Tinkwell/Tests/Tinkwell.Measures.Tests/bin/Release/net9.0/Tinkwell.Measures.Tests.dll
2025-07-19T12:19:11.9509366Z   Tinkwell.Services.Proto -> /home/runner/work/Tinkwell/Tinkwell/build/Tinkwell.Services.Proto.dll
2025-07-19T12:19:11.9755729Z   Tinkwell.Bootstrapper.Ensamble.Parser.Tests -> /home/runner/work/Tinkwell/Tinkwell/Tests/Tinkwell.Bootstrapper.Ensamble.Parser.Tests/bin/Release/net9.0/Tinkwell.Bootstrapper.Ensamble.Parser.Tests.dll
2025-07-19T12:19:12.2514930Z   Tinkwell.Measures.Configuration.Parser -> /home/runner/work/Tinkwell/Tinkwell/Tinkwell.Measures.Configuration.Parser/bin/Release/net9.0/Tinkwell.Measures.Configuration.Parser.dll
2025-07-19T12:19:12.5844683Z   Tinkwell.Bridge.MqttClient -> /home/runner/work/Tinkwell/Tinkwell/build/Tinkwell.Bridge.MqttClient.dll
2025-07-19T12:19:13.2833664Z   Tinkwell.Store -> /home/runner/work/Tinkwell/Tinkwell/build/Tinkwell.Store.dll
2025-07-19T12:19:13.4079578Z   Tinkwell.Orchestrator -> /home/runner/work/Tinkwell/Tinkwell/build/Tinkwell.Orchestrator.dll
2025-07-19T12:19:13.9997107Z   Tinkwell.Store.Storage.Sqlite -> /home/runner/work/Tinkwell/Tinkwell/build/Tinkwell.Store.Storage.Sqlite.dll
2025-07-19T12:19:14.0208856Z   Tinkwell.Watchdog -> /home/runner/work/Tinkwell/Tinkwell/build/Tinkwell.Watchdog.dll
2025-07-19T12:19:14.0387625Z   Tinkwell.Actions.Executor -> /home/runner/work/Tinkwell/Tinkwell/build/Tinkwell.Actions.Executor.dll
2025-07-19T12:19:14.0794470Z   Tinkwell.HealthCheck -> /home/runner/work/Tinkwell/Tinkwell/build/Tinkwell.HealthCheck.dll
2025-07-19T12:19:14.1070345Z   Tinkwell.EventsGateway -> /home/runner/work/Tinkwell/Tinkwell/build/Tinkwell.EventsGateway.dll
2025-07-19T12:19:14.3321029Z   Tinkwell.Bridge.MqttClient.Tests -> /home/runner/work/Tinkwell/Tinkwell/Tests/Tinkwell.Bridge.MqttClient.Tests/bin/Release/net9.0/Tinkwell.Bridge.MqttClient.Tests.dll
2025-07-19T12:19:14.7066107Z   Tinkwell.TestHelpers -> /home/runner/work/Tinkwell/Tinkwell/Tests/Tinkwell.TestHelpers/bin/Release/net9.0/Tinkwell.TestHelpers.dll
2025-07-19T12:19:14.9918449Z   Tinkwell.Measures.Configuration.Parser.Tests -> /home/runner/work/Tinkwell/Tinkwell/Tests/Tinkwell.Measures.Configuration.Parser.Tests/bin/Release/net9.0/Tinkwell.Measures.Configuration.Parser.Tests.dll
2025-07-19T12:19:15.3761351Z   Tinkwell.Reducer -> /home/runner/work/Tinkwell/Tinkwell/build/Tinkwell.Reducer.dll
2025-07-19T12:19:15.6047310Z   Tinkwell.Actions.Executor.Tests -> /home/runner/work/Tinkwell/Tinkwell/Tests/Tinkwell.Actions.Executor.Tests/bin/Release/net9.0/Tinkwell.Actions.Executor.Tests.dll
2025-07-19T12:19:15.9406002Z   Tinkwell.Reducer.Tests -> /home/runner/work/Tinkwell/Tinkwell/Tests/Tinkwell.Reducer.Tests/bin/Release/net9.0/Tinkwell.Reducer.Tests.dll
2025-07-19T12:19:16.4902955Z   Copying runtimeconfig from: /home/runner/work/Tinkwell/Tinkwell/build/tw.runtimeconfig.json
2025-07-19T12:19:16.5085677Z   Tinkwell.Reactor -> /home/runner/work/Tinkwell/Tinkwell/build/Tinkwell.Reactor.dll
2025-07-19T12:19:16.5733239Z   Tinkwell.Cli -> /home/runner/work/Tinkwell/Tinkwell/build/tw.dll
2025-07-19T12:19:16.7481700Z   Tinkwell.Bootstrapper.GrpcHost -> /home/runner/work/Tinkwell/Tinkwell/build/Tinkwell.Bootstrapper.GrpcHost.dll
2025-07-19T12:19:16.9831691Z   Tinkwell.Cli.Commands.Templates -> /home/runner/work/Tinkwell/Tinkwell/build/Tinkwell.Cli.Commands.Templates.dll
2025-07-19T12:19:16.9976057Z   Tinkwell.Cli.Windows -> /home/runner/work/Tinkwell/Tinkwell/build/Tinkwell.Cli.Windows.dll
2025-07-19T12:19:17.2669984Z   Tinkwell.Reactor.Tests -> /home/runner/work/Tinkwell/Tinkwell/Tests/Tinkwell.Reactor.Tests/bin/Release/net9.0/Tinkwell.Reactor.Tests.dll
2025-07-19T12:19:17.5566079Z   Tinkwell.Supervisor -> /home/runner/work/Tinkwell/Tinkwell/build/Tinkwell.Supervisor.dll
2025-07-19T12:19:17.5714683Z 
2025-07-19T12:19:17.5715129Z Build succeeded.
2025-07-19T12:19:17.5715392Z 
2025-07-19T12:19:17.5716088Z CSC : warning CS2008: No source files specified. [/home/runner/work/Tinkwell/Tinkwell/Assets/Assets.csproj]
2025-07-19T12:19:17.5717156Z     1 Warning(s)
2025-07-19T12:19:17.5717457Z     0 Error(s)
2025-07-19T12:19:17.5717819Z 
2025-07-19T12:19:17.5718029Z Time Elapsed 00:00:15.14
2025-07-19T12:19:17.6229718Z ##[group]Run dotnet test Tinkwell.sln --no-build --configuration Release --verbosity normal
2025-07-19T12:19:17.6230346Z [36;1mdotnet test Tinkwell.sln --no-build --configuration Release --verbosity normal[0m
2025-07-19T12:19:17.6257880Z shell: /usr/bin/bash -e {0}
2025-07-19T12:19:17.6258108Z env:
2025-07-19T12:19:17.6258275Z   DOTNET_ROOT: /usr/share/dotnet
2025-07-19T12:19:17.6258495Z ##[endgroup]
2025-07-19T12:19:17.8815705Z Build started 07/19/2025 12:19:17.
2025-07-19T12:19:18.1132824Z      1>Project "/home/runner/work/Tinkwell/Tinkwell/Tinkwell.sln" on node 1 (VSTest target(s)).
2025-07-19T12:19:18.1137976Z      1>ValidateSolutionConfiguration:
2025-07-19T12:19:18.1142868Z          Building solution configuration "Release|Any CPU".
2025-07-19T12:19:19.6006890Z Test run for /home/runner/work/Tinkwell/Tinkwell/Tests/Tinkwell.Bootstrapper.Ensamble.Parser.Tests/bin/Release/net9.0/Tinkwell.Bootstrapper.Ensamble.Parser.Tests.dll (.NETCoreApp,Version=v9.0)
2025-07-19T12:19:19.6034866Z Test run for /home/runner/work/Tinkwell/Tinkwell/Tests/Tinkwell.Bootstrapper.Tests/bin/Release/net9.0/Tinkwell.Bootstrapper.Tests.dll (.NETCoreApp,Version=v9.0)
2025-07-19T12:19:19.6223826Z Test run for /home/runner/work/Tinkwell/Tinkwell/Tests/Tinkwell.Actions.Configuration.Parser.Tests/bin/Release/net9.0/Tinkwell.Actions.Configuration.Parser.Tests.dll (.NETCoreApp,Version=v9.0)
2025-07-19T12:19:19.6442901Z Test run for /home/runner/work/Tinkwell/Tinkwell/Tests/Tinkwell.Measures.Configuration.Parser.Tests/bin/Release/net9.0/Tinkwell.Measures.Configuration.Parser.Tests.dll (.NETCoreApp,Version=v9.0)
2025-07-19T12:19:19.7070787Z VSTest version 17.14.1 (x64)
2025-07-19T12:19:19.7076751Z VSTest version 17.14.1 (x64)
2025-07-19T12:19:19.7125371Z VSTest version 17.14.1 (x64)
2025-07-19T12:19:19.7143348Z 
2025-07-19T12:19:19.7159628Z 
2025-07-19T12:19:19.7196614Z 
2025-07-19T12:19:19.7724880Z VSTest version 17.14.1 (x64)
2025-07-19T12:19:19.7864726Z 
2025-07-19T12:19:19.9335496Z Starting test execution, please wait...
2025-07-19T12:19:19.9342918Z Starting test execution, please wait...
2025-07-19T12:19:19.9545047Z Starting test execution, please wait...
2025-07-19T12:19:20.0081493Z A total of 1 test files matched the specified pattern.
2025-07-19T12:19:20.0191305Z A total of 1 test files matched the specified pattern.
2025-07-19T12:19:20.0425954Z Starting test execution, please wait...
2025-07-19T12:19:20.0554624Z A total of 1 test files matched the specified pattern.
2025-07-19T12:19:20.1637806Z A total of 1 test files matched the specified pattern.
2025-07-19T12:19:21.5125668Z [xUnit.net 00:00:00.00] xUnit.net VSTest Adapter v3.1.2+a583452f9b (64-bit .NET 9.0.7)
2025-07-19T12:19:21.5388000Z [xUnit.net 00:00:00.00] xUnit.net VSTest Adapter v3.1.2+a583452f9b (64-bit .NET 9.0.7)
2025-07-19T12:19:21.6860866Z [xUnit.net 00:00:00.01] xUnit.net VSTest Adapter v3.1.2+a583452f9b (64-bit .NET 9.0.7)
2025-07-19T12:19:21.7250616Z [xUnit.net 00:00:00.00] xUnit.net VSTest Adapter v3.1.2+a583452f9b (64-bit .NET 9.0.7)
2025-07-19T12:19:21.7578917Z [xUnit.net 00:00:00.25]   Discovering: Tinkwell.Bootstrapper.Ensamble.Parser.Tests
2025-07-19T12:19:21.8005188Z [xUnit.net 00:00:00.32]   Discovering: Tinkwell.Bootstrapper.Tests
2025-07-19T12:19:21.9208684Z [xUnit.net 00:00:00.42]   Discovered:  Tinkwell.Bootstrapper.Ensamble.Parser.Tests
2025-07-19T12:19:22.0086835Z [xUnit.net 00:00:00.33]   Discovering: Tinkwell.Measures.Configuration.Parser.Tests
2025-07-19T12:19:22.0112029Z [xUnit.net 00:00:00.57]   Discovered:  Tinkwell.Bootstrapper.Tests
2025-07-19T12:19:22.0177795Z [xUnit.net 00:00:00.36]   Discovering: Tinkwell.Actions.Configuration.Parser.Tests
2025-07-19T12:19:22.0635390Z [xUnit.net 00:00:00.57]   Starting:    Tinkwell.Bootstrapper.Ensamble.Parser.Tests
2025-07-19T12:19:22.1335753Z [xUnit.net 00:00:00.45]   Discovered:  Tinkwell.Measures.Configuration.Parser.Tests
2025-07-19T12:19:22.2116408Z [xUnit.net 00:00:00.56]   Discovered:  Tinkwell.Actions.Configuration.Parser.Tests
2025-07-19T12:19:22.2386054Z [xUnit.net 00:00:00.56]   Starting:    Tinkwell.Measures.Configuration.Parser.Tests
2025-07-19T12:19:22.2610879Z [xUnit.net 00:00:00.82]   Starting:    Tinkwell.Bootstrapper.Tests
2025-07-19T12:19:22.3676491Z [xUnit.net 00:00:00.71]   Starting:    Tinkwell.Actions.Configuration.Parser.Tests
2025-07-19T12:19:22.7405126Z   Passed Tinkwell.Bootstrapper.Tests.Expressions.TextHelpersTests.GitLikeWildcardToRegex_MatchesWildcards(text: "blue", pattern: "green", result: False) [47 ms]
2025-07-19T12:19:22.7525549Z   Passed Tinkwell.Bootstrapper.Tests.Expressions.TextHelpersTests.GitLikeWildcardToRegex_MatchesWildcards(text: "\\path", pattern: "\\\\path", result: True) [< 1 ms]
2025-07-19T12:19:22.7528395Z   Passed Tinkwell.Bootstrapper.Tests.Expressions.TextHelpersTests.GitLikeWildcardToRegex_MatchesWildcards(text: "", pattern: "blue", result: False) [< 1 ms]
2025-07-19T12:19:22.7530784Z   Passed Tinkwell.Bootstrapper.Tests.Expressions.TextHelpersTests.GitLikeWildcardToRegex_MatchesWildcards(text: "blue", pattern: "b*e", result: True) [< 1 ms]
2025-07-19T12:19:22.7533156Z   Passed Tinkwell.Bootstrapper.Tests.Expressions.TextHelpersTests.GitLikeWildcardToRegex_MatchesWildcards(text: "123", pattern: "1?3", result: True) [< 1 ms]
2025-07-19T12:19:22.7535675Z   Passed Tinkwell.Bootstrapper.Tests.Expressions.TextHelpersTests.GitLikeWildcardToRegex_MatchesWildcards(text: "blue", pattern: "[Bb]lue", result: True) [< 1 ms]
2025-07-19T12:19:22.7538036Z   Passed Tinkwell.Bootstrapper.Tests.Expressions.TextHelpersTests.GitLikeWildcardToRegex_MatchesWildcards(text: "blue", pattern: "blueish", result: False) [< 1 ms]
2025-07-19T12:19:22.7540339Z   Passed Tinkwell.Bootstrapper.Tests.Expressions.TextHelpersTests.GitLikeWildcardToRegex_MatchesWildcards(text: "", pattern: "", result: True) [< 1 ms]
2025-07-19T12:19:22.7542600Z   Passed Tinkwell.Bootstrapper.Tests.Expressions.TextHelpersTests.GitLikeWildcardToRegex_MatchesWildcards(text: "blue", pattern: "bl*", result: True) [< 1 ms]
2025-07-19T12:19:22.7545065Z   Passed Tinkwell.Bootstrapper.Tests.Expressions.TextHelpersTests.GitLikeWildcardToRegex_MatchesWildcards(text: "blue", pattern: "blu?", result: True) [< 1 ms]
2025-07-19T12:19:22.7547392Z   Passed Tinkwell.Bootstrapper.Tests.Expressions.TextHelpersTests.GitLikeWildcardToRegex_MatchesWildcards(text: "blu", pattern: "blu?", result: False) [< 1 ms]
2025-07-19T12:19:22.7549682Z   Passed Tinkwell.Bootstrapper.Tests.Expressions.TextHelpersTests.GitLikeWildcardToRegex_MatchesWildcards(text: "blueish", pattern: "blue", result: False) [< 1 ms]
2025-07-19T12:19:22.7551992Z   Passed Tinkwell.Bootstrapper.Tests.Expressions.TextHelpersTests.GitLikeWildcardToRegex_MatchesWildcards(text: "Glue", pattern: "[^G]lue", result: False) [< 1 ms]
2025-07-19T12:19:22.7554520Z   Passed Tinkwell.Bootstrapper.Tests.Expressions.TextHelpersTests.GitLikeWildcardToRegex_MatchesWildcards(text: "blue", pattern: "blue", result: True) [< 1 ms]
2025-07-19T12:19:22.7556892Z   Passed Tinkwell.Bootstrapper.Tests.Expressions.TextHelpersTests.GitLikeWildcardToRegex_MatchesWildcards(text: "Glue", pattern: "[Bb]lue", result: False) [< 1 ms]
2025-07-19T12:19:22.7559243Z   Passed Tinkwell.Bootstrapper.Tests.Expressions.TextHelpersTests.GitLikeWildcardToRegex_MatchesWildcards(text: "[value]", pattern: "\\[value\\]", result: True) [< 1 ms]
2025-07-19T12:19:23.0188306Z   Passed Tinkwell.Bootstrapper.Tests.Expressions.TextHelpersTests.GitLikeWildcardToRegex_MatchesWildcards(text: "blue", pattern: "*ue", result: True) [< 1 ms]
2025-07-19T12:19:23.0191044Z   Passed Tinkwell.Bootstrapper.Tests.Expressions.TextHelpersTests.GitLikeWildcardToRegex_MatchesWildcards(text: "Blue", pattern: "[Bb]lue", result: True) [< 1 ms]
2025-07-19T12:19:23.0193599Z   Passed Tinkwell.Bootstrapper.Tests.Expressions.TextHelpersTests.GitLikeWildcardToRegex_MatchesWildcards(text: "blue", pattern: "*", result: True) [< 1 ms]
2025-07-19T12:19:23.0198681Z   Passed Tinkwell.Bootstrapper.Tests.Expressions.TextHelpersTests.PatternToRegex_MatchesWildcards(text: "blue", pattern: "blu?", result: True) [28 ms]
2025-07-19T12:19:23.0201364Z   Passed Tinkwell.Bootstrapper.Tests.Expressions.TextHelpersTests.PatternToRegex_MatchesWildcards(text: "blue", pattern: "green", result: False) [< 1 ms]
2025-07-19T12:19:23.0335567Z   Passed Tinkwell.Bootstrapper.Tests.Expressions.TextHelpersTests.PatternToRegex_MatchesWildcards(text: "blue", pattern: "blue", result: True) [< 1 ms]
2025-07-19T12:19:23.0337602Z   Passed Tinkwell.Bootstrapper.Tests.Expressions.TextHelpersTests.PatternToRegex_ThrowsForInvalidPattern [6 ms]
2025-07-19T12:19:23.0339338Z   Passed Tinkwell.Bootstrapper.Tests.Reflection.ShallowClonerTests.ShallowCloner_CopiesProperties [10 ms]
2025-07-19T12:19:23.0345015Z   Passed Tinkwell.Bootstrapper.Tests.Expressions.ExpressionEvaluator_Misc.Md5_ReturnsCorrectHash [576 ms]
2025-07-19T12:19:23.0346965Z   Passed Tinkwell.Bootstrapper.Tests.Expressions.ExpressionEvaluator_Misc.Base64Decode_DecodesCorrectly [< 1 ms]
2025-07-19T12:19:23.0348957Z   Passed Tinkwell.Bootstrapper.Tests.Expressions.ExpressionEvaluator_Misc.HasValue_ReturnsCorrectResult(value: " ", expected: False) [< 1 ms]
2025-07-19T12:19:23.0351026Z   Passed Tinkwell.Bootstrapper.Tests.Expressions.ExpressionEvaluator_Misc.HasValue_ReturnsCorrectResult(value: "", expected: False) [< 1 ms]
2025-07-19T12:19:23.0360405Z   Passed Tinkwell.Bootstrapper.Tests.Expressions.ExpressionEvaluator_Misc.HasValue_ReturnsCorrectResult(value: null, expected: False) [< 1 ms]
2025-07-19T12:19:23.0362892Z   Passed Tinkwell.Bootstrapper.Tests.Expressions.ExpressionEvaluator_Misc.HasValue_ReturnsCorrectResult(value: "abc", expected: True) [< 1 ms]
2025-07-19T12:19:23.0365278Z   Passed Tinkwell.Bootstrapper.Tests.Expressions.ExpressionEvaluator_Misc.HasValue_ReturnsCorrectResult(value: 123, expected: True) [< 1 ms]
2025-07-19T12:19:23.0369346Z   Passed Tinkwell.Bootstrapper.Tests.Expressions.ExpressionEvaluator_Misc.IsNull_ReturnsCorrectResult(value: "abc", expected: False) [< 1 ms]
2025-07-19T12:19:23.0371211Z   Passed Tinkwell.Bootstrapper.Tests.Expressions.ExpressionEvaluator_Strings.ToLower_ReturnsLowercaseString [591 ms]
2025-07-19T12:19:23.1047318Z   Passed Tinkwell.Bootstrapper.Tests.Expressions.ExpressionEvaluator_Misc.IsNull_ReturnsCorrectResult(value: null, expected: True) [9 ms]
2025-07-19T12:19:23.1053202Z   Passed Tinkwell.Bootstrapper.Tests.Expressions.ExpressionEvaluator_Misc.IsNull_ReturnsCorrectResult(value: "", expected: False) [< 1 ms]
2025-07-19T12:19:23.1058129Z   Passed Tinkwell.Bootstrapper.Tests.Expressions.ExpressionEvaluator_Misc.Sha256_ReturnsCorrectHash [< 1 ms]
2025-07-19T12:19:23.1061614Z   Passed Tinkwell.Bootstrapper.Tests.Expressions.ExpressionEvaluator_Misc.Base64Encode_EncodesCorrectly [< 1 ms]
2025-07-19T12:19:23.1063698Z   Passed Tinkwell.Bootstrapper.Tests.Expressions.ExpressionEvaluator_Collections.Sum_ReturnsCorrectSum [458 ms]
2025-07-19T12:19:23.1067099Z   Passed Tinkwell.Bootstrapper.Tests.Expressions.ExpressionEvaluator_Collections.Take_ReturnsTakenElements [56 ms]
2025-07-19T12:19:23.1069122Z   Passed Tinkwell.Bootstrapper.Tests.Expressions.ExpressionEvaluator_Collections.At_ReturnsCorrectElement [1 ms]
2025-07-19T12:19:23.1096171Z   Passed Tinkwell.Bootstrapper.Tests.Expressions.ExpressionEvaluator_Strings.JsonEncode_EncodesCorrectly [74 ms]
2025-07-19T12:19:23.1098462Z   Passed Tinkwell.Bootstrapper.Tests.Expressions.ExpressionEvaluator_Strings.Trim_ReturnsTrimmedString(value: "  hello  ", expected: "hello") [< 1 ms]
2025-07-19T12:19:23.1100838Z   Passed Tinkwell.Bootstrapper.Tests.Expressions.ExpressionEvaluator_Strings.Trim_ReturnsTrimmedString(value: "", expected: "") [< 1 ms]
2025-07-19T12:19:23.1103095Z   Passed Tinkwell.Bootstrapper.Tests.Expressions.ExpressionEvaluator_Strings.OrEmpty_ReturnsCorrectString(value: "hello", expected: "hello") [< 1 ms]
2025-07-19T12:19:23.1105439Z   Passed Tinkwell.Bootstrapper.Tests.Expressions.ExpressionEvaluator_Strings.OrEmpty_ReturnsCorrectString(value: null, expected: "") [< 1 ms]
2025-07-19T12:19:23.1107840Z   Passed Tinkwell.Bootstrapper.Tests.Expressions.ExpressionEvaluator_Strings.OrEmpty_ReturnsCorrectString(value: "", expected: "") [< 1 ms]
2025-07-19T12:19:23.1110002Z   Passed Tinkwell.Bootstrapper.Tests.Expressions.ExpressionEvaluator_Strings.IsNullOrWhiteSpace_ReturnsCorrectResult(value: " ", expected: True) [< 1 ms]
2025-07-19T12:19:23.1113895Z   Passed Tinkwell.Bootstrapper.Tests.Expressions.ExpressionEvaluator_Strings.IsNullOrWhiteSpace_ReturnsCorrectResult(value: "abc", expected: False) [< 1 ms]
2025-07-19T12:19:23.1116601Z   Passed Tinkwell.Bootstrapper.Tests.Expressions.ExpressionEvaluator_Strings.IsNullOrWhiteSpace_ReturnsCorrectResult(value: null, expected: True) [< 1 ms]
2025-07-19T12:19:23.1135912Z   Passed Tinkwell.Bootstrapper.Tests.Expressions.ExpressionEvaluator_Strings.IsNullOrWhiteSpace_ReturnsCorrectResult(value: "", expected: True) [< 1 ms]
2025-07-19T12:19:23.1666132Z   Passed Tinkwell.Bootstrapper.Tests.Expressions.ExpressionEvaluator_Strings.IsNullOrEmpty_ReturnsCorrectResult(value: "abc", expected: False) [< 1 ms]
2025-07-19T12:19:23.1740390Z   Passed Tinkwell.Bootstrapper.Tests.Expressions.ExpressionEvaluator_Strings.IsNullOrEmpty_ReturnsCorrectResult(value: null, expected: True) [< 1 ms]
2025-07-19T12:19:23.1742449Z   Passed Tinkwell.Bootstrapper.Tests.Expressions.ExpressionEvaluator_Strings.IsNullOrEmpty_ReturnsCorrectResult(value: " ", expected: False) [< 1 ms]
2025-07-19T12:19:23.1744941Z   Passed Tinkwell.Bootstrapper.Tests.Expressions.ExpressionEvaluator_Strings.IsNullOrEmpty_ReturnsCorrectResult(value: "", expected: True) [< 1 ms]
2025-07-19T12:19:23.1747100Z   Passed Tinkwell.Bootstrapper.Tests.Expressions.ExpressionEvaluator_Strings.Length_ReturnsCorrectLength(value: "", expected: 0) [10 ms]
2025-07-19T12:19:23.1749160Z   Passed Tinkwell.Bootstrapper.Tests.Expressions.ExpressionEvaluator_Strings.Length_ReturnsCorrectLength(value: null, expected: 0) [< 1 ms]
2025-07-19T12:19:23.1751406Z   Passed Tinkwell.Bootstrapper.Tests.Expressions.ExpressionEvaluator_Strings.Length_ReturnsCorrectLength(value: "hello", expected: 5) [< 1 ms]
2025-07-19T12:19:23.1753381Z   Passed Tinkwell.Bootstrapper.Tests.Expressions.ExpressionEvaluator_Strings.ToUpper_ReturnsUppercaseString [< 1 ms]
2025-07-19T12:19:23.1755551Z   Passed Tinkwell.Bootstrapper.Tests.Expressions.ExpressionEvaluator_Strings.Match_MatchesWildcards(input: "match('blue', 'bl*')", result: True) [1 ms]
2025-07-19T12:19:23.1757521Z   Passed Tinkwell.Bootstrapper.Tests.AsyncExtensionsTests.ConsumeAllAsync_ConsumesAllItems [92 ms]
2025-07-19T12:19:23.1759553Z   Passed Tinkwell.Bootstrapper.Tests.Expressions.ExpressionEvaluator_Strings.Match_MatchesWildcards(input: "match('blue', 'green')", result: False) [6 ms]
2025-07-19T12:19:23.1761847Z   Passed Tinkwell.Bootstrapper.Tests.Expressions.ExpressionEvaluator_Strings.Match_MatchesWildcards(input: "match('blue', 'blu?')", result: True) [< 1 ms]
2025-07-19T12:19:23.1764316Z   Passed Tinkwell.Bootstrapper.Tests.Expressions.ExpressionEvaluator_Strings.Match_MatchesWildcards(input: "match('blue', 'blue')", result: True) [< 1 ms]
2025-07-19T12:19:23.1768033Z   Passed Tinkwell.Bootstrapper.Tests.Expressions.ExpressionEvaluator_Collections.All_ReturnsTrueIfAllMatch [54 ms]
2025-07-19T12:19:23.1770431Z   Passed Tinkwell.Bootstrapper.Tests.Expressions.ExpressionEvaluator_Strings.RegexMatch_ReturnsCorrectResult [13 ms]
2025-07-19T12:19:23.1773645Z   Passed Tinkwell.Bootstrapper.Tests.Expressions.ExpressionEvaluator_Strings.Join_ReturnsJoinedString [6 ms]
2025-07-19T12:19:23.1786617Z   Passed Tinkwell.Bootstrapper.Tests.Expressions.ExpressionEvaluator_Strings.Concat_ReturnsConcatenatedString [4 ms]
2025-07-19T12:19:23.1790170Z   Passed Tinkwell.Bootstrapper.Tests.Expressions.ExpressionEvaluator_Strings.SegmentAt_ReturnsCorrectSegment [< 1 ms]
2025-07-19T12:19:23.1793056Z   Passed Tinkwell.Bootstrapper.Tests.Expressions.ExpressionEvaluator_Collections.Avg_ReturnsCorrectAverage [19 ms]
2025-07-19T12:19:23.1797182Z   Passed Tinkwell.Bootstrapper.Tests.Expressions.ExpressionEvaluator_Collections.Skip_ReturnsSkippedElements [< 1 ms]
2025-07-19T12:19:23.1825443Z   Passed Tinkwell.Bootstrapper.Tests.Expressions.ExpressionEvaluator_Collections.Any_ReturnsTrueIfAnyMatch [< 1 ms]
2025-07-19T12:19:23.1827460Z   Passed Tinkwell.Bootstrapper.Tests.Expressions.ExpressionEvaluator_Collections.First_ReturnsFirstElement [6 ms]
2025-07-19T12:19:23.1829122Z   Passed Tinkwell.Bootstrapper.Tests.Expressions.ExpressionEvaluator_Collections.Count_ReturnsCorrectCount [< 1 ms]
2025-07-19T12:19:23.1830754Z   Passed Tinkwell.Bootstrapper.Tests.Ipc.NamedPipes_ClientServer.NamedPipeFactory_CreatesNewServerInstance [< 1 ms]
2025-07-19T12:19:23.2266183Z Unhandled exception. System.ObjectDisposedException: The CancellationTokenSource has been disposed.
2025-07-19T12:19:23.2271876Z    at System.Threading.CancellationTokenSource.get_Token()
2025-07-19T12:19:23.2273542Z    at Tinkwell.Bootstrapper.Ipc.Pipe.Handler() in /home/runner/work/Tinkwell/Tinkwell/Tinkwell.Bootstrapper/Ipc/Pipe.cs:line 66
2025-07-19T12:19:23.2275192Z    at System.Threading.Tasks.Task.<>c.<ThrowAsync>b__128_1(Object state)
2025-07-19T12:19:23.2276090Z    at System.Threading.ThreadPoolWorkQueue.Dispatch()
2025-07-19T12:19:23.2277051Z    at System.Threading.PortableThreadPool.WorkerThread.WorkerThreadStart()
2025-07-19T12:19:23.5441807Z [xUnit.net 00:00:01.90]   Finished:    Tinkwell.Actions.Configuration.Parser.Tests
2025-07-19T12:19:23.5908192Z [xUnit.net 00:00:01.90]   Finished:    Tinkwell.Measures.Configuration.Parser.Tests
2025-07-19T12:19:23.8455138Z   Passed Tinkwell.Bootstrapper.Ensamble.Parser.Tests.TwaFileReaderTests.CanParse(path: "TestFiles/1.Event.twa") [836 ms]
2025-07-19T12:19:23.8460889Z   Passed Tinkwell.Bootstrapper.Ensamble.Parser.Tests.TwaFileReaderTests.CanParse(path: "TestFiles/2.InterpolatedString.twa") [90 ms]
2025-07-19T12:19:23.8466522Z   Passed Tinkwell.Bootstrapper.Ensamble.Parser.Tests.TwaFileReaderTests.CanParse(path: "TestFiles/2.ExpressionString.twa") [52 ms]
2025-07-19T12:19:23.8522795Z   Passed Tinkwell.Measures.Configuration.Parser.Tests.DependencyWalkerTests.DependencyWalker_DetectsCircularDependencies [551 ms]
2025-07-19T12:19:23.8548213Z   Passed Tinkwell.Measures.Configuration.Parser.Tests.DependencyWalkerTests.DependencyWalker_AnalyzesSimpleDependencies [60 ms]
2025-07-19T12:19:23.8553665Z   Passed Tinkwell.Measures.Configuration.Parser.Tests.TwmFileReaderTests.CanParse(path: "TestFiles/1.Comment.twm") [771 ms]
2025-07-19T12:19:23.8559241Z   Passed Tinkwell.Measures.Configuration.Parser.Tests.TwmFileReaderTests.CanParse(path: "TestFiles/3.StandaloneSignals.twm") [71 ms]
2025-07-19T12:19:23.8564762Z   Passed Tinkwell.Measures.Configuration.Parser.Tests.TwmFileReaderTests.CanParse(path: "TestFiles/1.Measure.twm") [74 ms]
2025-07-19T12:19:23.8570191Z   Passed Tinkwell.Measures.Configuration.Parser.Tests.TwmFileReaderTests.CanParse(path: "TestFiles/2.Declaration.twm") [28 ms]
2025-07-19T12:19:23.8575870Z   Passed Tinkwell.Measures.Configuration.Parser.Tests.TwmFileReaderTests.CanParse(path: "TestFiles/2.Constant.twm") [28 ms]
2025-07-19T12:19:23.8583183Z   Passed Tinkwell.Measures.Configuration.Parser.Tests.TwmFileReaderTests.CanParse(path: "TestFiles/3.RelativeSignal.twm") [115 ms]
2025-07-19T12:19:23.8589088Z   Passed Tinkwell.Measures.Configuration.Parser.Tests.TwmFileReaderTests.CanParse(path: "TestFiles/2.Derived.twm") [46 ms]
2025-07-19T12:19:23.8590371Z 
2025-07-19T12:19:23.8605596Z 
2025-07-19T12:19:23.8633329Z Test Run Successful.
2025-07-19T12:19:23.8634450Z Total tests: 3
2025-07-19T12:19:23.8654684Z Test Run Successful.
2025-07-19T12:19:23.8658739Z Total tests: 9
2025-07-19T12:19:23.8662793Z      Passed: 9
2025-07-19T12:19:23.8666693Z      Passed: 3
2025-07-19T12:19:23.8807906Z  Total time: 3.6984 Seconds
2025-07-19T12:19:23.8895161Z  Total time: 3.8425 Seconds
2025-07-19T12:19:24.0678885Z Test run for /home/runner/work/Tinkwell/Tinkwell/Tests/Tinkwell.Measures.Tests/bin/Release/net9.0/Tinkwell.Measures.Tests.dll (.NETCoreApp,Version=v9.0)
2025-07-19T12:19:24.0685748Z Test run for /home/runner/work/Tinkwell/Tinkwell/Tests/Tinkwell.Bridge.MqttClient.Tests/bin/Release/net9.0/Tinkwell.Bridge.MqttClient.Tests.dll (.NETCoreApp,Version=v9.0)
2025-07-19T12:19:24.2103682Z VSTest version 17.14.1 (x64)
2025-07-19T12:19:24.2306358Z 
2025-07-19T12:19:24.2456298Z VSTest version 17.14.1 (x64)
2025-07-19T12:19:24.2704628Z 
2025-07-19T12:19:24.3096941Z [xUnit.net 00:00:02.81]   Finished:    Tinkwell.Bootstrapper.Ensamble.Parser.Tests
2025-07-19T12:19:24.4607872Z Starting test execution, please wait...
2025-07-19T12:19:24.5421439Z A total of 1 test files matched the specified pattern.
2025-07-19T12:19:24.5725813Z   Passed Tinkwell.Bootstrapper.Ensamble.Parser.Tests.EnsambleFileReaderTests.CanParse(path: "TestFiles/1.Runner.tw") [1 s]
2025-07-19T12:19:24.5795660Z   Passed Tinkwell.Bootstrapper.Ensamble.Parser.Tests.EnsambleFileReaderTests.CanParse(path: "TestFiles/4.Conditions.tw") [438 ms]
2025-07-19T12:19:24.5797636Z   Passed Tinkwell.Bootstrapper.Ensamble.Parser.Tests.EnsambleFileReaderTests.CanParse(path: "TestFiles/5.Composed.tw") [85 ms]
2025-07-19T12:19:24.5799564Z   Passed Tinkwell.Bootstrapper.Ensamble.Parser.Tests.EnsambleFileReaderTests.CanParse(path: "TestFiles/3.Imports.tw") [23 ms]
2025-07-19T12:19:24.5801379Z   Passed Tinkwell.Bootstrapper.Ensamble.Parser.Tests.EnsambleFileReaderTests.CanParse(path: "TestFiles/5.Liquid.tw") [102 ms]
2025-07-19T12:19:24.5803158Z   Passed Tinkwell.Bootstrapper.Ensamble.Parser.Tests.EnsambleFileReaderTests.CanParse(path: "TestFiles/2.Runners.tw") [18 ms]
2025-07-19T12:19:24.5805206Z   Passed Tinkwell.Bootstrapper.Ensamble.Parser.Tests.EnsambleFileReaderTests.CanParse(path: "TestFiles/1.RunnerWithProperties.tw") [50 ms]
2025-07-19T12:19:24.5807246Z   Passed Tinkwell.Bootstrapper.Ensamble.Parser.Tests.EnsambleFileReaderTests.CanParse(path: "TestFiles/4.ConditionsWithArgsFromConfig.tw") [15 ms]
2025-07-19T12:19:24.5809286Z   Passed Tinkwell.Bootstrapper.Ensamble.Parser.Tests.EnsambleFileReaderTests.CanParse(path: "TestFiles/1.Comment.tw") [4 ms]
2025-07-19T12:19:24.5934443Z 
2025-07-19T12:19:24.6065087Z Test Run Successful.
2025-07-19T12:19:24.6065767Z Total tests: 9
2025-07-19T12:19:24.6066355Z      Passed: 9
2025-07-19T12:19:24.6435662Z  Total time: 4.5335 Seconds
2025-07-19T12:19:24.6695348Z Starting test execution, please wait...
2025-07-19T12:19:24.7681738Z A total of 1 test files matched the specified pattern.
2025-07-19T12:19:24.8907115Z Test run for /home/runner/work/Tinkwell/Tinkwell/Tests/Tinkwell.Reducer.Tests/bin/Release/net9.0/Tinkwell.Reducer.Tests.dll (.NETCoreApp,Version=v9.0)
2025-07-19T12:19:25.0175396Z VSTest version 17.14.1 (x64)
2025-07-19T12:19:25.0307837Z 
2025-07-19T12:19:25.3844650Z Starting test execution, please wait...
2025-07-19T12:19:25.3916943Z The active test run was aborted. Reason: Test host process crashed : Unhandled exception. System.ObjectDisposedException: The CancellationTokenSource has been disposed.
2025-07-19T12:19:25.3918743Z    at System.Threading.CancellationTokenSource.get_Token()
2025-07-19T12:19:25.3920107Z    at Tinkwell.Bootstrapper.Ipc.Pipe.Handler() in /home/runner/work/Tinkwell/Tinkwell/Tinkwell.Bootstrapper/Ipc/Pipe.cs:line 66
2025-07-19T12:19:25.3925529Z    at System.Threading.Tasks.Task.<>c.<ThrowAsync>b__128_1(Object state)
2025-07-19T12:19:25.3926719Z    at System.Threading.ThreadPoolWorkQueue.Dispatch()
2025-07-19T12:19:25.3927854Z    at System.Threading.PortableThreadPool.WorkerThread.WorkerThreadStart()
2025-07-19T12:19:25.3928611Z 
2025-07-19T12:19:25.5044703Z 
2025-07-19T12:19:25.5045670Z A total of 1 test files matched the specified pattern.
2025-07-19T12:19:25.5074694Z Total tests: Unknown
2025-07-19T12:19:25.5075396Z      Passed: 74
2025-07-19T12:19:25.5079288Z Test Run Aborted.
2025-07-19T12:19:25.5351113Z  Total time: 5.4772 Seconds
2025-07-19T12:19:25.5753306Z      1>Project "/home/runner/work/Tinkwell/Tinkwell/Tinkwell.sln" (1) is building "/home/runner/work/Tinkwell/Tinkwell/Tests/Tinkwell.Bootstrapper.Tests/Tinkwell.Bootstrapper.Tests.csproj" (27) on node 1 (VSTest target(s)).
2025-07-19T12:19:25.5760950Z     27>_VSTestConsole:
2025-07-19T12:19:25.5762007Z          MSB4181: The "VSTestTask" task returned false but did not log an error.
2025-07-19T12:19:25.5764728Z     27>Done Building Project "/home/runner/work/Tinkwell/Tinkwell/Tests/Tinkwell.Bootstrapper.Tests/Tinkwell.Bootstrapper.Tests.csproj" (VSTest target(s)) -- FAILED.
2025-07-19T12:19:25.7774747Z [xUnit.net 00:00:00.00] xUnit.net VSTest Adapter v2.8.2+699d445a1a (64-bit .NET 9.0.7)
2025-07-19T12:19:25.9984501Z [xUnit.net 00:00:00.24]   Discovering: Tinkwell.Measures.Tests
2025-07-19T12:19:26.0193776Z Test run for /home/runner/work/Tinkwell/Tinkwell/Tests/Tinkwell.Reactor.Tests/bin/Release/net9.0/Tinkwell.Reactor.Tests.dll (.NETCoreApp,Version=v9.0)
2025-07-19T12:19:26.0705311Z [xUnit.net 00:00:00.31]   Discovered:  Tinkwell.Measures.Tests
2025-07-19T12:19:26.0718350Z [xUnit.net 00:00:00.31]   Starting:    Tinkwell.Measures.Tests
2025-07-19T12:19:26.1367350Z VSTest version 17.14.1 (x64)
2025-07-19T12:19:26.1495387Z 
2025-07-19T12:19:26.1537821Z [xUnit.net 00:00:00.01] xUnit.net VSTest Adapter v3.1.2+a583452f9b (64-bit .NET 9.0.7)
2025-07-19T12:19:26.3912436Z Starting test execution, please wait...
2025-07-19T12:19:26.5144322Z [xUnit.net 00:00:00.41]   Discovering: Tinkwell.Bridge.MqttClient.Tests
2025-07-19T12:19:26.5261342Z A total of 1 test files matched the specified pattern.
2025-07-19T12:19:26.7714562Z [xUnit.net 00:00:00.68]   Discovered:  Tinkwell.Bridge.MqttClient.Tests
2025-07-19T12:19:26.8847034Z [xUnit.net 00:00:00.00] xUnit.net VSTest Adapter v2.8.2+699d445a1a (64-bit .NET 9.0.7)
2025-07-19T12:19:26.8985278Z [xUnit.net 00:00:00.81]   Starting:    Tinkwell.Bridge.MqttClient.Tests
2025-07-19T12:19:26.9636699Z [xUnit.net 00:00:00.11]   Discovering: Tinkwell.Reducer.Tests
2025-07-19T12:19:27.0867070Z [xUnit.net 00:00:00.23]   Discovered:  Tinkwell.Reducer.Tests
2025-07-19T12:19:27.1036909Z [xUnit.net 00:00:00.25]   Starting:    Tinkwell.Reducer.Tests
2025-07-19T12:19:27.2205886Z   Passed Tinkwell.Bridge.MqttClient.Tests.MqttMeasureTests.IsNumeric_IntegerValue_ReturnsTrue(value: 1, expected: True) [29 ms]
2025-07-19T12:19:27.2207842Z   Passed Tinkwell.Bridge.MqttClient.Tests.MqttMeasureTests.IsNumeric_IntegerValue_ReturnsTrue(value: 1, expected: True) [< 1 ms]
2025-07-19T12:19:27.2209571Z   Passed Tinkwell.Bridge.MqttClient.Tests.MqttMeasureTests.IsNumeric_StringValue_ReturnsFalse [< 1 ms]
2025-07-19T12:19:27.2211155Z   Passed Tinkwell.Bridge.MqttClient.Tests.MqttMeasureTests.IsNumeric_DecimalValue_ReturnsTrue [< 1 ms]
2025-07-19T12:19:27.2212870Z   Passed Tinkwell.Bridge.MqttClient.Tests.MqttMeasureTests.IsNumeric_FloatingPointValue_ReturnsTrue(value: 1, expected: True) [< 1 ms]
2025-07-19T12:19:27.2214996Z   Passed Tinkwell.Bridge.MqttClient.Tests.MqttMeasureTests.IsNumeric_FloatingPointValue_ReturnsTrue(value: 1, expected: True) [4 ms]
2025-07-19T12:19:27.2216897Z   Passed Tinkwell.Bridge.MqttClient.Tests.MqttMeasureTests.AsDouble_ReturnsCorrectValue(value: 1.5, expected: 1.5) [13 ms]
2025-07-19T12:19:27.2223318Z   Passed Tinkwell.Bridge.MqttClient.Tests.MqttMeasureTests.AsDouble_ReturnsCorrectValue(value: "1.23", expected: 1.23) [30 ms]
2025-07-19T12:19:27.2551747Z   Passed Tinkwell.Measures.Tests.RegistryTests.RegisterMeasure_ThrowsExceptionForStringMeasureWithUnit [15 ms]
2025-07-19T12:19:27.8834276Z   Passed Tinkwell.Measures.Tests.RegistryTests.RegisterUpdateFind_FlowsCorrectly [1 s]
2025-07-19T12:19:27.8846061Z   Passed Tinkwell.Measures.Tests.RegistryTests.RegisterMeasure_ThrowsExceptionForDuplicateMeasure [1 ms]
2025-07-19T12:19:27.8847723Z   Passed Tinkwell.Measures.Tests.RegistryTests.Update_ThrowsExceptionForConstantMeasure [1 ms]
2025-07-19T12:19:27.8849139Z   Passed Tinkwell.Measures.Tests.RegistryTests.Update_ThrowsExceptionForOutOfRangeValue [85 ms]
2025-07-19T12:19:27.8850789Z   Passed Tinkwell.Measures.Tests.RegistryTests.RegisterMeasure_ThrowsExceptionForInvalidUnitCombination [4 ms]
2025-07-19T12:19:27.8853333Z   Passed Tinkwell.Measures.Tests.RegistryTests.RegisterMeasure_ThrowsExceptionForInvalidMeasureName(invalidName: null, expectedExceptionType: typeof(System.ArgumentNullException), expectedMessage: "Value cannot be null. (Parameter 'Name')") [1 ms]
2025-07-19T12:19:27.8858162Z   Passed Tinkwell.Measures.Tests.RegistryTests.RegisterMeasure_ThrowsExceptionForInvalidMeasureName(invalidName: " ", expectedExceptionType: typeof(System.ArgumentException), expectedMessage: "The value cannot be an empty string or composed en"···) [< 1 ms]
2025-07-19T12:19:27.8862189Z   Passed Tinkwell.Measures.Tests.RegistryTests.RegisterMeasure_ThrowsExceptionForInvalidMeasureName(invalidName: "", expectedExceptionType: typeof(System.ArgumentException), expectedMessage: "The value cannot be an empty string or composed en"···) [< 1 ms]
2025-07-19T12:19:27.8865163Z   Passed Tinkwell.Measures.Tests.RegistryTests.FindMethods_FlowsCorrectly [10 ms]
2025-07-19T12:19:27.9182043Z [xUnit.net 00:00:02.16]   Finished:    Tinkwell.Measures.Tests
2025-07-19T12:19:28.0182416Z   Passed Tinkwell.Bridge.MqttClient.Tests.MqttMeasureTests.AsDouble_ReturnsCorrectValue(value: 1, expected: 1) [< 1 ms]
2025-07-19T12:19:28.0184572Z   Passed Tinkwell.Bridge.MqttClient.Tests.MqttMeasureTests.AsString_ReturnsCorrectValue(value: "test", expected: "test") [5 ms]
2025-07-19T12:19:28.0186436Z   Passed Tinkwell.Bridge.MqttClient.Tests.MqttMeasureTests.AsString_ReturnsCorrectValue(value: 1, expected: "1") [< 1 ms]
2025-07-19T12:19:28.0188249Z   Passed Tinkwell.Bridge.MqttClient.Tests.MqttMeasureTests.AsString_ReturnsCorrectValue(value: 1.5, expected: "1.5") [2 ms]
2025-07-19T12:19:28.0190158Z   Passed Tinkwell.Bridge.MqttClient.Tests.MqttMessageParserTests.CanParse(path: "TestFiles/2.ExtractMultipleMeasures.twmap") [832 ms]
2025-07-19T12:19:28.0191988Z   Passed Tinkwell.Bridge.MqttClient.Tests.MqttMessageParserTests.CanParse(path: "TestFiles/1.MatchWildcard.twmap") [54 ms]
2025-07-19T12:19:28.0193716Z   Passed Tinkwell.Bridge.MqttClient.Tests.MqttMessageParserTests.CanParse(path: "TestFiles/1.IgnoreUnknown.twmap") [33 ms]
2025-07-19T12:19:28.0195603Z   Passed Tinkwell.Bridge.MqttClient.Tests.MqttMessageParserTests.CanParse(path: "TestFiles/1.ChangeName.twmap") [49 ms]
2025-07-19T12:19:28.0197257Z   Passed Tinkwell.Bridge.MqttClient.Tests.MqttMessageParserTests.CanParse(path: "TestFiles/1.Comments.twmap") [38 ms]
2025-07-19T12:19:28.0315374Z [xUnit.net 00:00:00.00] xUnit.net VSTest Adapter v2.8.2+699d445a1a (64-bit .NET 9.0.7)
2025-07-19T12:19:28.0427715Z [xUnit.net 00:00:01.96]   Finished:    Tinkwell.Bridge.MqttClient.Tests
2025-07-19T12:19:28.1111021Z [xUnit.net 00:00:00.12]   Discovering: Tinkwell.Reactor.Tests
2025-07-19T12:19:28.1296856Z   Passed Tinkwell.Measures.Tests.RegistryTests.UpdateMany_FlowsCorrectly [19 ms]
2025-07-19T12:19:28.1301985Z   Passed Tinkwell.Measures.Tests.RegistryTests.RegisterMany_FindAllByName_FlowsCorrectly [5 ms]
2025-07-19T12:19:28.1307243Z   Passed Tinkwell.Measures.Tests.RegistryTests.RegisterMeasure_SuccessfullyRegistersMeasure [< 1 ms]
2025-07-19T12:19:28.1312035Z   Passed Tinkwell.Measures.Tests.RegistryTests.Update_ThrowsExceptionForIncompatibleValueType [1 ms]
2025-07-19T12:19:28.1462663Z 
2025-07-19T12:19:28.1545293Z [xUnit.net 00:00:00.17]   Discovered:  Tinkwell.Reactor.Tests
2025-07-19T12:19:28.1566529Z [xUnit.net 00:00:00.17]   Starting:    Tinkwell.Reactor.Tests
2025-07-19T12:19:28.1668884Z Test Run Successful.
2025-07-19T12:19:28.1673833Z Total tests: 14
2025-07-19T12:19:28.1676021Z      Passed: 14
2025-07-19T12:19:28.2115037Z  Total time: 3.6042 Seconds
2025-07-19T12:19:28.2706083Z   Passed Tinkwell.Bridge.MqttClient.Tests.MqttMessageParserTests.Parse_DefaultMapping_ExtractsSingleValueFromJson [14 ms]
2025-07-19T12:19:28.2707676Z   Passed Tinkwell.Bridge.MqttClient.Tests.MqttMessageParserTests.Parse_DefaultMapping_ParsesImmediateNumber [< 1 ms]
2025-07-19T12:19:28.2709275Z   Passed Tinkwell.Bridge.MqttClient.Tests.MqttMessageParserTests.Parse_DefaultMapping_DefaultMapping_ReturnsAsIsIfUnknown [8 ms]
2025-07-19T12:19:28.2710851Z   Passed Tinkwell.Bridge.MqttClient.Tests.MqttMessageParserTests.Parse_DefaultMapping_ReturnsImmediateStringAsIs [3 ms]
2025-07-19T12:19:28.2794729Z 
2025-07-19T12:19:28.2861541Z Test Run Successful.
2025-07-19T12:19:28.2862651Z Total tests: 21
2025-07-19T12:19:28.2862961Z      Passed: 21
2025-07-19T12:19:28.3214778Z  Total time: 3.5085 Seconds
2025-07-19T12:19:28.3876121Z Test run for /home/runner/work/Tinkwell/Tinkwell/Tests/Tinkwell.Actions.Executor.Tests/bin/Release/net9.0/Tinkwell.Actions.Executor.Tests.dll (.NETCoreApp,Version=v9.0)
2025-07-19T12:19:28.5523248Z VSTest version 17.14.1 (x64)
2025-07-19T12:19:28.5607372Z 
2025-07-19T12:19:28.8253524Z Starting test execution, please wait...
2025-07-19T12:19:28.8777511Z InMemoryStoreAdapter: ValueChanged event received for A
2025-07-19T12:19:28.8779577Z InMemoryStoreAdapter: ValueChanged event received for B
2025-07-19T12:19:28.9075604Z A total of 1 test files matched the specified pattern.
2025-07-19T12:19:28.9902261Z InMemoryStoreAdapter: ValueChanged event received for C
2025-07-19T12:19:29.0039205Z InMemoryStoreAdapter: ValueChanged event received for A
2025-07-19T12:19:29.0065515Z InMemoryStoreAdapter: ValueChanged event received for C
2025-07-19T12:19:29.0263599Z InMemoryStoreAdapter: ValueChanged event received for B
2025-07-19T12:19:29.0264934Z InMemoryStoreAdapter: ValueChanged event received for C
2025-07-19T12:19:29.0660333Z InMemoryStoreAdapter: ValueChanged event received for temperature
2025-07-19T12:19:29.0737967Z InMemoryStoreAdapter: ValueChanged event received for A
2025-07-19T12:19:29.0744835Z InMemoryStoreAdapter: ValueChanged event received for B
2025-07-19T12:19:29.0764430Z InMemoryStoreAdapter: ValueChanged event received for A
2025-07-19T12:19:29.1976173Z InMemoryStoreAdapter: ValueChanged event received for C
2025-07-19T12:19:29.2268039Z [xUnit.net 00:00:02.38]   Finished:    Tinkwell.Reducer.Tests
2025-07-19T12:19:29.3275804Z   Passed Tinkwell.Reducer.Tests.ReducerTests.HappyPath_CalculatesAndSubscribesCorrectly [1 s]
2025-07-19T12:19:29.3280847Z   Passed Tinkwell.Reducer.Tests.ReducerTests.CircularDependency_LogsCriticalError [4 ms]
2025-07-19T12:19:29.3285985Z   Passed Tinkwell.Reducer.Tests.ReducerTests.ExpressionFailure_LogsErrorAndDisablesMeasure [113 ms]
2025-07-19T12:19:29.3290949Z   Passed Tinkwell.Reducer.Tests.ReducerTests.NoDerivedMeasures_SitsIdle [< 1 ms]
2025-07-19T12:19:29.3305090Z   Passed Tinkwell.Reducer.Tests.ReducerTests.ConstantExpression_CalculatesOnceAndDoesNotSubscribe [12 ms]
2025-07-19T12:19:29.3314878Z 
2025-07-19T12:19:29.3372392Z Test Run Successful.
2025-07-19T12:19:29.3376690Z Total tests: 5
2025-07-19T12:19:29.3381745Z      Passed: 5
2025-07-19T12:19:29.3684851Z  Total time: 3.8370 Seconds
2025-07-19T12:19:29.4140828Z InMemoryStoreAdapter: ValueChanged event received for temperature
2025-07-19T12:19:29.5046063Z [xUnit.net 00:00:00.00] xUnit.net VSTest Adapter v2.8.2+699d445a1a (64-bit .NET 9.0.7)
2025-07-19T12:19:29.5191037Z InMemoryStoreAdapter: ValueChanged event received for temperature
2025-07-19T12:19:29.5503525Z [xUnit.net 00:00:01.56]   Finished:    Tinkwell.Reactor.Tests
2025-07-19T12:19:29.5740373Z [xUnit.net 00:00:00.08]   Discovering: Tinkwell.Actions.Executor.Tests
2025-07-19T12:19:29.6081772Z [xUnit.net 00:00:00.11]   Discovered:  Tinkwell.Actions.Executor.Tests
2025-07-19T12:19:29.6106515Z [xUnit.net 00:00:00.11]   Starting:    Tinkwell.Actions.Executor.Tests
2025-07-19T12:19:29.6501521Z   Passed Tinkwell.Reactor.Tests.ReactorTests.MeasureStartsAboveThreshold_PublishesEvent [1 s]
2025-07-19T12:19:29.6508503Z   Passed Tinkwell.Reactor.Tests.ReactorTests.MeasureGoesAboveThreshold_PublishesEvent [126 ms]
2025-07-19T12:19:29.6533727Z 
2025-07-19T12:19:29.6595828Z Test Run Successful.
2025-07-19T12:19:29.6597272Z Total tests: 2
2025-07-19T12:19:29.6597580Z      Passed: 2
2025-07-19T12:19:29.6755547Z  Total time: 3.1268 Seconds
2025-07-19T12:19:29.8433567Z [xUnit.net 00:00:00.35]   Finished:    Tinkwell.Actions.Executor.Tests
2025-07-19T12:19:29.9425383Z   Passed Tinkwell.Actions.Executor.Tests.ExecutorTests.StartAsync_WithValidConfig_SubscribesToCorrectEvents [37 ms]
2025-07-19T12:19:29.9427137Z   Passed Tinkwell.Actions.Executor.Tests.AgentFactoryTests.Create_WithPayload_ComposesProperties [162 ms]
2025-07-19T12:19:29.9430323Z   Passed Tinkwell.Actions.Executor.Tests.AgentFactoryTests.Create_WithValidIntent_CreatesAgentAndSetsProperties [< 1 ms]
2025-07-19T12:19:29.9432003Z   Passed Tinkwell.Actions.Executor.Tests.ExecutorTests.OnEventReceived_WithMatchingListener_DispatchesCorrectIntent [116 ms]
2025-07-19T12:19:29.9435439Z 
2025-07-19T12:19:29.9470958Z Test Run Successful.
2025-07-19T12:19:29.9471311Z Total tests: 4
2025-07-19T12:19:29.9471598Z      Passed: 4
2025-07-19T12:19:29.9545807Z  Total time: 1.0389 Seconds
2025-07-19T12:19:29.9688672Z      1>Done Building Project "/home/runner/work/Tinkwell/Tinkwell/Tinkwell.sln" (VSTest target(s)) -- FAILED.
2025-07-19T12:19:29.9851212Z 
2025-07-19T12:19:29.9851624Z Build FAILED.
2025-07-19T12:19:29.9851944Z     0 Warning(s)
2025-07-19T12:19:29.9852208Z     0 Error(s)
2025-07-19T12:19:29.9852390Z 
2025-07-19T12:19:29.9852554Z Time Elapsed 00:00:12.10
2025-07-19T12:19:30.0512399Z ##[error]Process completed with exit code 1.
2025-07-19T12:19:30.0642787Z Post job cleanup.
2025-07-19T12:19:30.1607090Z [command]/usr/bin/git version
2025-07-19T12:19:30.1648095Z git version 2.50.1
2025-07-19T12:19:30.1702397Z Temporarily overriding HOME='/home/runner/work/_temp/3e94d37b-dc85-4e21-b4e6-4fdfeda71f71' before making global git config changes
2025-07-19T12:19:30.1703747Z Adding repository directory to the temporary git global config as a safe directory
2025-07-19T12:19:30.1708724Z [command]/usr/bin/git config --global --add safe.directory /home/runner/work/Tinkwell/Tinkwell
2025-07-19T12:19:30.1744832Z [command]/usr/bin/git config --local --name-only --get-regexp core\.sshCommand
2025-07-19T12:19:30.1779775Z [command]/usr/bin/git submodule foreach --recursive sh -c "git config --local --name-only --get-regexp 'core\.sshCommand' && git config --local --unset-all 'core.sshCommand' || :"
2025-07-19T12:19:30.2024543Z [command]/usr/bin/git config --local --name-only --get-regexp http\.https\:\/\/github\.com\/\.extraheader
2025-07-19T12:19:30.2046421Z http.https://github.com/.extraheader
2025-07-19T12:19:30.2062308Z [command]/usr/bin/git config --local --unset-all http.https://github.com/.extraheader
2025-07-19T12:19:30.2097048Z [command]/usr/bin/git submodule foreach --recursive sh -c "git config --local --name-only --get-regexp 'http\.https\:\/\/github\.com\/\.extraheader' && git config --local --unset-all 'http.https://github.com/.extraheader' || :"
2025-07-19T12:19:30.2500852Z Cleaning up orphan processes
2025-07-19T12:19:30.2856329Z Terminate orphan process: pid (2612) (dotnet)
2025-07-19T12:19:30.2884208Z Terminate orphan process: pid (2613) (dotnet)
2025-07-19T12:19:30.2921787Z Terminate orphan process: pid (2614) (dotnet)
2025-07-19T12:19:30.2982639Z Terminate orphan process: pid (2744) (dotnet)